--------- beginning of /dev/log/system
--------- beginning of /dev/log/main
I/InputReader( 2170): Touch event's action is 0x0 (deviceType=0) [pCnt=1, s=0.316 ]
I/InputDispatcher( 2170): Delivering touch to current input target: action: 0x0
I/InputDispatcher( 2170): Delivering touch to current input target: action: 0x0
I/InputDispatcher( 2170): Delivering touch to current input target: action: 0x0
I/InputDispatcher( 2170): Delivering touch to current input target: action: 0x0
I/TwDVFSBroadcastReceiver( 2370): onLauncherIntent
I/power   ( 2170): *** acquire_dvfs_lock : lockType : 1  freq : 1200000 
I/InputReader( 2170): Touch event's action is 0x1 (deviceType=0) [pCnt=1, s=]
I/InputDispatcher( 2170): Delivering touch to current input target: action: 0x1
I/InputDispatcher( 2170): Delivering touch to current input target: action: 0x1
I/InputDispatcher( 2170): Delivering touch to current input target: action: 0x1
I/InputDispatcher( 2170): Delivering touch to current input target: action: 0x1
W/AlarmManager( 2170): FACTORY_ON= 0
W/AlarmManager( 2170): FACTORY_ON= 0
W/AlarmManager( 2170): FACTORY_ON= 0
I/power   ( 2170): *** release_dvfs_lock : lockType : 1 
I/InputReader( 2170): Touch event's action is 0x0 (deviceType=0) [pCnt=1, s=0.317 ]
I/InputDispatcher( 2170): Delivering touch to current input target: action: 0x0
I/InputDispatcher( 2170): Delivering touch to current input target: action: 0x0
I/InputDispatcher( 2170): Delivering touch to current input target: action: 0x0
I/InputDispatcher( 2170): Delivering touch to current input target: action: 0x0
I/TwDVFSBroadcastReceiver( 2370): onLauncherIntent
I/power   ( 2170): *** acquire_dvfs_lock : lockType : 1  freq : 1200000 
I/InputReader( 2170): Touch event's action is 0x1 (deviceType=0) [pCnt=1, s=]
I/InputDispatcher( 2170): Delivering touch to current input target: action: 0x1
I/InputDispatcher( 2170): Delivering touch to current input target: action: 0x1
I/InputDispatcher( 2170): Delivering touch to current input target: action: 0x1
I/InputDispatcher( 2170): Delivering touch to current input target: action: 0x1
E/Watchdog( 2170): !@Sync 364
I/power   ( 2170): *** release_dvfs_lock : lockType : 1 
W/PowerManagerService( 2170): Timer 0x3->0x3|0x0
W/SignalStrength( 2170): getGsmLevel=2
W/SignalStrength( 2170): getLevel=2 (SignalStrength: 8 -1 -1 -1 -1 -1 -1 -1 -1 -1 -1 -1 gsm|lte 2)
W/SignalStrength( 2343): getGsmLevel=2
W/SignalStrength( 2343): getLevel=2 (SignalStrength: 8 -1 -1 -1 -1 -1 -1 -1 -1 -1 -1 -1 gsm|lte 2)
W/SignalStrength( 2343): getGsmLevel=2
W/SignalStrength( 2343): getLevel=2 (SignalStrength: 8 -1 -1 -1 -1 -1 -1 -1 -1 -1 -1 -1 gsm|lte 2)
W/SignalStrength( 2170): getGsmDbm=-97
W/SignalStrength( 2170): getDbm=-97
W/SignalStrength( 2170): getGsmAsuLevel=8
W/SignalStrength( 2170): getAsuLevel=8
W/SignalStrength( 2170): getGsmLevel=2
W/SignalStrength( 2170): getLevel=2 (SignalStrength: 7 -1 -1 -1 -1 -1 -1 -1 -1 -1 -1 -1 gsm|lte 2)
W/SignalStrength( 2170): getGsmDbm=-99
W/AlarmManager( 2170): FACTORY_ON= 0
W/SignalStrength( 2170): getDbm=-99
W/SignalStrength( 2170): getGsmAsuLevel=7
W/SignalStrength( 2170): getAsuLevel=7
W/SignalStrength( 2343): getGsmLevel=2
W/SignalStrength( 2343): getLevel=2 (SignalStrength: 7 -1 -1 -1 -1 -1 -1 -1 -1 -1 -1 -1 gsm|lte 2)
W/SignalStrength( 2343): getGsmLevel=2
W/SignalStrength( 2343): getLevel=2 (SignalStrength: 7 -1 -1 -1 -1 -1 -1 -1 -1 -1 -1 -1 gsm|lte 2)
W/AlarmManager( 2170): FACTORY_ON= 0
W/AlarmManager( 2170): FACTORY_ON= 0
W/AlarmManager( 2170): FACTORY_ON= 0
I/InputReader( 2170): Touch event's action is 0x0 (deviceType=0) [pCnt=1, s=0.318 ]
I/InputDispatcher( 2170): Delivering touch to current input target: action: 0x0
I/InputDispatcher( 2170): Delivering touch to current input target: action: 0x0
I/InputDispatcher( 2170): Delivering touch to current input target: action: 0x0
I/InputDispatcher( 2170): Delivering touch to current input target: action: 0x0
I/TwDVFSBroadcastReceiver( 2370): onLauncherIntent
I/power   ( 2170): *** acquire_dvfs_lock : lockType : 1  freq : 1200000 
I/InputReader( 2170): Touch event's action is 0x1 (deviceType=0) [pCnt=1, s=]
I/InputDispatcher( 2170): Delivering touch to current input target: action: 0x1
I/InputDispatcher( 2170): Delivering touch to current input target: action: 0x1
I/InputDispatcher( 2170): Delivering touch to current input target: action: 0x1
I/InputDispatcher( 2170): Delivering touch to current input target: action: 0x1
W/ActivityManager( 2170): mDVFSLock.acquire()
I/SurfaceFlinger( 1865): id=236(57) createSurf 0x4001aabc (1x1),1 flag=400, fvnt24x7
I/dalvikvm(21502): Turning on JNI app bug workarounds for target SDK version 7...
W/ActivityThread(21502): Application com.finalg.evnt24x7 can be debugged on port 8100...
I/CordovaLog(21502): Changing log level to DEBUG(3)
I/CordovaLog(21502): Found preference for useBrowserHistory=true
I/CordovaLog(21502): Found preference for exit-on-suspend=false
I/CordovaLog(21502): Found preference for fullscreen=true
I/webclipboard(21502): clipservice: android.sec.clipboard.ClipboardExManager@41c34da8
I/SurfaceFlinger( 1865): id=235 Removed Mauncher idx=1 MapSz=3
I/SurfaceFlinger( 1865): id=235 Removed Mauncher idx=-2 MapSz=3
I/dalvikvm-heap(21502): Grow heap (frag case) to 11.926MB for 1536016-byte allocation
I/SurfaceFlinger( 1865): id=237(1) createSurf 0x40095eac (1x1),1 flag=0, Fvnt24x7
I/power   ( 2170): *** acquire_dvfs_lock : lockType : 1  freq : 1000000 
I/SurfaceFlinger( 1865): id=238(2) createSurf 0x4169efb4 (480x800),1 flag=400, Fvnt24x7
I/ClipboardServiceEx( 2170): Send intent for dismiss clipboard dialog inside hideCurrentInputLocked() !
I/power   ( 2170): *** release_dvfs_lock : lockType : 1 
W/ActivityManager( 2170): mDVFSLock.release()
I/SurfaceFlinger( 1865): id=236 Removed fvnt24x7 idx=5 MapSz=4
I/SurfaceFlinger( 1865): id=236 Removed fvnt24x7 idx=-2 MapSz=4
W/PowerManagerService( 2170): Timer 0x3->0x3|0x0
I/Web Console(21502): Index.html 2.1.3:30
I/MotionRecognitionService( 2170):  send 71=FLAT ~~
W/SignalStrength( 2170): getGsmLevel=2
W/SignalStrength( 2170): getLevel=2 (SignalStrength: 5 -1 -1 -1 -1 -1 -1 -1 -1 -1 -1 -1 gsm|lte 2)
W/SignalStrength( 2170): getGsmDbm=-103
W/SignalStrength( 2170): getDbm=-103
W/SignalStrength( 2170): getGsmAsuLevel=5
W/SignalStrength( 2170): getAsuLevel=5
W/SignalStrength( 2343): getGsmLevel=2
W/SignalStrength( 2343): getLevel=2 (SignalStrength: 5 -1 -1 -1 -1 -1 -1 -1 -1 -1 -1 -1 gsm|lte 2)
W/SignalStrength( 2343): getGsmLevel=2
W/SignalStrength( 2343): getLevel=2 (SignalStrength: 5 -1 -1 -1 -1 -1 -1 -1 -1 -1 -1 -1 gsm|lte 2)
W/AlarmManager( 2170): FACTORY_ON= 0
W/AlarmManager( 2170): FACTORY_ON= 0
I/Web Console(21502): Call phonegapapp.initialize:63
I/Web Console(21502): TopToolbar 1.0:3
I/Web Console(21502): Completed load all sccripts:81
I/Web Console(21502): autentication factory:6
I/Web Console(21502): app.run:24
I/Web Console(21502): isProduction = [%s] [%s]:30
I/Web Console(21502): Facebook, phonegap init:21
I/Web Console(21502): window.fbAsyncInit a1:31
I/Web Console(21502): window.fbAsyncInit a3:42
I/Web Console(21502): PhoneGap: Received Event: deviceready:40
I/Web Console(21502): TopToolbar inside directive:7
I/Web Console(21502): MainCtrl:6
I/Web Console(21502): EventsController:17
I/Web Console(21502): load next page %s:52
I/Web Console(21502): completed load next page %s:83
W/AlarmManager( 2170): FACTORY_ON= 0
W/AlarmManager( 2170): FACTORY_ON= 0
W/AlarmManager( 2170): FACTORY_ON= 0
I/Web Console(21502): json - success:69
W/SignalStrength( 2170): getGsmLevel=1
W/SignalStrength( 2170): getLevel=1 (SignalStrength: 5 -1 -1 -1 -1 -1 -1 -1 -1 -1 -1 -1 gsm|lte 1)
W/SignalStrength( 2343): getGsmLevel=1
W/SignalStrength( 2170): getGsmDbm=-103
W/SignalStrength( 2170): getDbm=-103
W/SignalStrength( 2170): getGsmAsuLevel=5
W/SignalStrength( 2170): getAsuLevel=5
W/SignalStrength( 2343): getLevel=1 (SignalStrength: 5 -1 -1 -1 -1 -1 -1 -1 -1 -1 -1 -1 gsm|lte 1)
W/SignalStrength( 2343): getGsmLevel=1
W/SignalStrength( 2343): getLevel=1 (SignalStrength: 5 -1 -1 -1 -1 -1 -1 -1 -1 -1 -1 -1 gsm|lte 1)
W/SignalStrength( 2170): getGsmLevel=1
W/SignalStrength( 2170): getLevel=1 (SignalStrength: 2 -1 -1 -1 -1 -1 -1 -1 -1 -1 -1 -1 gsm|lte 1)
W/SignalStrength( 2170): getGsmDbm=-109
W/SignalStrength( 2170): getDbm=-109
W/SignalStrength( 2170): getGsmAsuLevel=2
W/SignalStrength( 2170): getAsuLevel=2
W/AlarmManager( 2170): FACTORY_ON= 0
W/SignalStrength( 2343): getGsmLevel=1
W/SignalStrength( 2343): getLevel=1 (SignalStrength: 2 -1 -1 -1 -1 -1 -1 -1 -1 -1 -1 -1 gsm|lte 1)
W/SignalStrength( 2343): getGsmLevel=1
W/SignalStrength( 2343): getLevel=1 (SignalStrength: 2 -1 -1 -1 -1 -1 -1 -1 -1 -1 -1 -1 gsm|lte 1)
W/AlarmManager( 2170): FACTORY_ON= 0
W/AlarmManager( 2170): FACTORY_ON= 0
W/AlarmManager( 2170): FACTORY_ON= 0
I/GATE    (21502): <GATE-M>DEV_ACTION_COMPLETED</GATE-M>
I/SurfaceFlinger( 1865): id=237 Removed Fvnt24x7 idx=3 MapSz=3
I/SurfaceFlinger( 1865): id=237 Removed Fvnt24x7 idx=-2 MapSz=3
I/ClipboardServiceEx( 2170): Send intent for dismiss clipboard dialog inside hideCurrentInputLocked() !
I/MotionRecognitionService( 2170):  send 71=FLAT ~~
I/InputReader( 2170): Touch event's action is 0x0 (deviceType=0) [pCnt=1, s=0.319 ]
I/InputDispatcher( 2170): Delivering touch to current input target: action: 0x0
I/InputDispatcher( 2170): Delivering touch to current input target: action: 0x0
I/InputDispatcher( 2170): Delivering touch to current input target: action: 0x0
I/InputReader( 2170): Touch event's action is 0x1 (deviceType=0) [pCnt=1, s=]
I/InputDispatcher( 2170): Delivering touch to current input target: action: 0x1
I/InputDispatcher( 2170): Delivering touch to current input target: action: 0x1
I/InputDispatcher( 2170): Delivering touch to current input target: action: 0x1
I/ClipboardServiceEx( 2170): Send intent for dismiss clipboard dialog inside hideCurrentInputLocked() !
I/Web Console(21502): MainCtrl login:103
I/Web Console(21502): Facebook login():21
I/ClipboardServiceEx( 2170): Send intent for dismiss clipboard dialog inside hideCurrentInputLocked() !
W/PowerManagerService( 2170): Timer 0x3->0x3|0x0
I/InputDispatcher( 2170): Delivering key to current input target: action: 0x0
I/InputDispatcher( 2170): Delivering key to current input target: action: 0x0
I/InputDispatcher( 2170): Delivering key to current input target: action: 0x0
I/PowerManagerService( 2170): Ulight 0x3->0x7|0x0
I/InputDispatcher( 2170): Delivering key to current input target: action: 0x1
I/InputDispatcher( 2170): Delivering key to current input target: action: 0x1
I/InputDispatcher( 2170): Delivering key to current input target: action: 0x1
I/ClipboardServiceEx( 2170): Send intent for dismiss clipboard dialog inside hideCurrentInputLocked() !
I/FlashBarService( 2413): mPkgManagerReceiver : onReceive
E/Launcher( 2537): Error finding setting, default accessibility to not found: accessibility_enabled
I/SurfaceFlinger( 1865): id=239(19) createSurf 0x40da2594 (480x800),1 flag=0, Mauncher
W/IInputConnectionWrapper(21502): showStatusIcon on inactive InputConnection
I/ClipboardServiceEx( 2170): Send intent for dismiss clipboard dialog inside hideCurrentInputLocked() !
I/SurfaceFlinger( 1865): id=238 Removed Fvnt24x7 idx=4 MapSz=3
I/SurfaceFlinger( 1865): id=238 Removed Fvnt24x7 idx=-2 MapSz=3
W/PowerManagerService( 2170): Timer 0x7->0x3|0x0
I/PowerManagerService( 2170): Ulight 0x7->0x3|0x0
I/MotionRecognitionService( 2170):  send 71=FLAT ~~
I/APO/CPO (21541): Can not find at_distributor. Decided CPO mode
W/AlarmManager( 2170): FACTORY_ON= 0
W/AlarmManager( 2170): FACTORY_ON= 0
W/AlarmManager( 2170): FACTORY_ON= 0
